Component: ARM Compiler 5.06 (build 20) Tool: armlink [4d35a3]

==============================================================================

Section Cross References

    drivers.o(.text) refers to ics.o(.text) for ICS_Init
    drivers.o(.text) refers to uart.o(.text) for UART_Init
    drivers.o(.text) refers to pit.o(.text) for PIT_Init
    drivers.o(.text) refers to spi.o(.text) for SPI_Init
    drivers.o(.text) refers to mscan.o(.text) for CAN_Init
    drivers.o(.text) refers to adc.o(.text) for ADC_Init
    drivers.o(.text) refers to wdog.o(.text) for WDOG_Init
    drivers.o(.text) refers to gpio.o(.text) for GPIO_Init
    drivers.o(.text) refers to cc1120.o(.text) for CC1120_init
    drivers.o(.text) refers to memcpya.o(.text) for __aeabi_memcpy
    drivers.o(.text) refers to drivers.o(.data) for g_CanSendQueue
    drivers.o(.text) refers to timer.o(.text) for timer1_proc
    drivers.o(.text) refers to rf_arbitration.o(.text) for RfWaitAckProc
    drivers.o(.text) refers to printf8.o(i.__0printf$8) for __2printf
    drivers.o(.text) refers to debug.o(.text) for DebugSendCycle
    drivers.o(.text) refers to timer.o(.data) for g_10ms_ticks
    drivers.o(.text) refers to rf_service.o(.text) for SetUplinkParam
    drivers.o(.text) refers to debug.o(.data) for _printf_ring_frame
    mscan.o(.text) refers to memcpya.o(.text) for __aeabi_memcpy
    mscan.o(.text) refers to mscan.o(.data) for MSCAN_RxCallback
    pit.o(.text) refers to pit.o(.data) for PIT_Callback
    uart.o(.text) refers to uidiv.o(.text) for __aeabi_uidivmod
    uart.o(.text) refers to uart.o(.data) for UART_Callback
    spi.o(.text) refers to uidiv.o(.text) for __aeabi_uidivmod
    spi.o(.text) refers to spi.o(.data) for SPI_Callback
    candata_service.o(.text) refers to memcpya.o(.text) for __aeabi_memcpy
    debug.o(.text) refers to printf8.o(i.__0printf$8) for __2printf
    debug.o(.text) refers to uread4.o(.text) for __aeabi_uread4
    debug.o(.text) refers to debug.o(.data) for _printf_ring_frame
    debug.o(.text) refers to public.o(.data) for g_FlashMSG
    debug.o(.text) refers to public.o(.bss) for g_SlaveMSG
    main.o(.text) refers to drivers.o(.text) for User_Init
    main.o(.text) refers to timer.o(.text) for InitTimerEvent
    main.o(.text) refers to rf_service.o(.text) for SlavePollingService
    main.o(.text) refers to debug.o(.text) for SlaveMSGDisplayService
    main.o(.text) refers to timer.o(.bss) for Timer1Event
    timer.o(.text) refers to uidiv.o(.text) for __aeabi_uidivmod
    timer.o(.text) refers to timer.o(.bss) for Timer1Event
    can_out.o(.text) refers to memcpya.o(.text) for __aeabi_memcpy
    insulation_res.o(.text) refers to adc.o(.text) for ADC_SetChannel
    insulation_res.o(.text) refers to dfltui.o(.text) for __aeabi_ui2d
    insulation_res.o(.text) refers to dmul.o(.text) for __aeabi_dmul
    insulation_res.o(.text) refers to d2f.o(.text) for __aeabi_d2f
    insulation_res.o(.text) refers to fadd.o(.text) for __aeabi_fsub
    insulation_res.o(.text) refers to fmul.o(.text) for __aeabi_fmul
    insulation_res.o(.text) refers to fdiv.o(.text) for __aeabi_fdiv
    insulation_res.o(.text) refers to ffixui.o(.text) for __aeabi_f2uiz
    insulation_res.o(.text) refers to ffltui.o(.text) for __aeabi_ui2f
    insulation_res.o(.text) refers to drivers.o(.data) for g_AdVal
    cc1120.o(.text) refers to spi.o(.text) for Spi_RdWrByte
    cc1120.o(.text) refers to cc1120.o(.data) for CC1120_WorkState
    cc1120.o(.text) refers to cc1120.o(.constdata) for preferredSettings
    cc1120.o(.text) refers to public.o(.bss) for g_SlaveMSG
    cc1120.o(.text) refers to cc1120.o(.bss) for CC1120_rxBuffer
    cc1120.o(.text) refers to rf_service.o(.text) for PacketParse
    rf_arbitration.o(.text) refers to cc1120.o(.text) for CC1120_SendWaitSuccess
    rf_arbitration.o(.text) refers to rf_arbitration.o(.data) for RF_WaitAckState
    rf_service.o(.text) refers to memcmp.o(.text) for memcmp
    rf_service.o(.text) refers to rf_arbitration.o(.text) for SetRfAckStateSuccess
    rf_service.o(.text) refers to rf_service.o(i.__ARM_common_switch8) for __ARM_common_switch8
    rf_service.o(.text) refers to memcpya.o(.text) for __aeabi_memcpy
    rf_service.o(.text) refers to cc1120.o(.text) for ChangeWorkMode
    rf_service.o(.text) refers to public.o(.data) for g_FlashMSG
    rf_service.o(.text) refers to rf_service.o(.data) for CurAddr
    rf_service.o(.text) refers to public.o(.bss) for g_SlaveMSG
    rf_service.o(.text) refers to rf_service.o(.bss) for RfTXBuffer
    rf_service.o(.text) refers to rf_arbitration.o(.bss) for FreqHopInfo
    startup_skeaz1284.o(RESET) refers to startup_skeaz1284.o(STACK) for __initial_sp
    startup_skeaz1284.o(RESET) refers to startup_skeaz1284.o(.text) for Reset_Handler
    startup_skeaz1284.o(RESET) refers to drivers.o(.text) for IRQ_IRQHandler
    startup_skeaz1284.o(.text) refers to system_skeaz1284.o(.text) for SystemInit
    startup_skeaz1284.o(.text) refers to entry.o(.ARM.Collect$$$$00000000) for __main
    system_skeaz1284.o(.text) refers to uidiv.o(.text) for __aeabi_uidivmod
    system_skeaz1284.o(.text) refers to system_skeaz1284.o(.data) for SystemCoreClock
    entry.o(.ARM.Collect$$$$00000000) refers (Special) to entry10a.o(.ARM.Collect$$$$0000000D) for __rt_final_cpp
    entry.o(.ARM.Collect$$$$00000000) refers (Special) to entry11a.o(.ARM.Collect$$$$0000000F) for __rt_final_exit
    entry.o(.ARM.Collect$$$$00000000) refers (Special) to entry7b.o(.ARM.Collect$$$$00000008) for _main_clock
    entry.o(.ARM.Collect$$$$00000000) refers (Special) to entry8b.o(.ARM.Collect$$$$0000000A) for _main_cpp_init
    entry.o(.ARM.Collect$$$$00000000) refers (Special) to entry9a.o(.ARM.Collect$$$$0000000B) for _main_init
    entry.o(.ARM.Collect$$$$00000000) refers (Special) to entry5.o(.ARM.Collect$$$$00000004) for _main_scatterload
    entry.o(.ARM.Collect$$$$00000000) refers (Special) to entry2.o(.ARM.Collect$$$$00000001) for _main_stk
    printfb.o(i.__0fprintf$bare) refers to printfb.o(i._printf_core) for _printf_core
    printfb.o(i.__0fprintf$bare) refers to debug.o(.text) for fputc
    printfb.o(i.__0printf$bare) refers to printfb.o(i._printf_core) for _printf_core
    printfb.o(i.__0printf$bare) refers to debug.o(.text) for fputc
    printfb.o(i.__0printf$bare) refers to debug.o(.data) for __stdout
    printfb.o(i.__0snprintf$bare) refers to printfb.o(i._printf_core) for _printf_core
    printfb.o(i.__0snprintf$bare) refers to printfb.o(i._snputc) for _snputc
    printfb.o(i.__0sprintf$bare) refers to printfb.o(i._printf_core) for _printf_core
    printfb.o(i.__0sprintf$bare) refers to printfb.o(i._sputc) for _sputc
    printfb.o(i.__0vfprintf$bare) refers to printfb.o(i._printf_core) for _printf_core
    printfb.o(i.__0vfprintf$bare) refers to debug.o(.text) for fputc
    printfb.o(i.__0vprintf$bare) refers to printfb.o(i._printf_core) for _printf_core
    printfb.o(i.__0vprintf$bare) refers to debug.o(.text) for fputc
    printfb.o(i.__0vprintf$bare) refers to debug.o(.data) for __stdout
    printfb.o(i.__0vsnprintf$bare) refers to printfb.o(i._printf_core) for _printf_core
    printfb.o(i.__0vsnprintf$bare) refers to printfb.o(i._snputc) for _snputc
    printfb.o(i.__0vsprintf$bare) refers to printfb.o(i._printf_core) for _printf_core
    printfb.o(i.__0vsprintf$bare) refers to printfb.o(i._sputc) for _sputc
    printf0.o(i.__0fprintf$0) refers to printf0.o(i._printf_core) for _printf_core
    printf0.o(i.__0fprintf$0) refers to debug.o(.text) for fputc
    printf0.o(i.__0printf$0) refers to printf0.o(i._printf_core) for _printf_core
    printf0.o(i.__0printf$0) refers to debug.o(.text) for fputc
    printf0.o(i.__0printf$0) refers to debug.o(.data) for __stdout
    printf0.o(i.__0snprintf$0) refers to printf0.o(i._printf_core) for _printf_core
    printf0.o(i.__0snprintf$0) refers to printf0.o(i._snputc) for _snputc
    printf0.o(i.__0sprintf$0) refers to printf0.o(i._printf_core) for _printf_core
    printf0.o(i.__0sprintf$0) refers to printf0.o(i._sputc) for _sputc
    printf0.o(i.__0vfprintf$0) refers to printf0.o(i._printf_core) for _printf_core
    printf0.o(i.__0vfprintf$0) refers to debug.o(.text) for fputc
    printf0.o(i.__0vprintf$0) refers to printf0.o(i._printf_core) for _printf_core
    printf0.o(i.__0vprintf$0) refers to debug.o(.text) for fputc
    printf0.o(i.__0vprintf$0) refers to debug.o(.data) for __stdout
    printf0.o(i.__0vsnprintf$0) refers to printf0.o(i._printf_core) for _printf_core
    printf0.o(i.__0vsnprintf$0) refers to printf0.o(i._snputc) for _snputc
    printf0.o(i.__0vsprintf$0) refers to printf0.o(i._printf_core) for _printf_core
    printf0.o(i.__0vsprintf$0) refers to printf0.o(i._sputc) for _sputc
    printf1.o(i.__0fprintf$1) refers to printf1.o(i._printf_core) for _printf_core
    printf1.o(i.__0fprintf$1) refers to debug.o(.text) for fputc
    printf1.o(i.__0printf$1) refers to printf1.o(i._printf_core) for _printf_core
    printf1.o(i.__0printf$1) refers to debug.o(.text) for fputc
    printf1.o(i.__0printf$1) refers to debug.o(.data) for __stdout
    printf1.o(i.__0snprintf$1) refers to printf1.o(i._printf_core) for _printf_core
    printf1.o(i.__0snprintf$1) refers to printf1.o(i._snputc) for _snputc
    printf1.o(i.__0sprintf$1) refers to printf1.o(i._printf_core) for _printf_core
    printf1.o(i.__0sprintf$1) refers to printf1.o(i._sputc) for _sputc
    printf1.o(i.__0vfprintf$1) refers to printf1.o(i._printf_core) for _printf_core
    printf1.o(i.__0vfprintf$1) refers to debug.o(.text) for fputc
    printf1.o(i.__0vprintf$1) refers to printf1.o(i._printf_core) for _printf_core
    printf1.o(i.__0vprintf$1) refers to debug.o(.text) for fputc
    printf1.o(i.__0vprintf$1) refers to debug.o(.data) for __stdout
    printf1.o(i.__0vsnprintf$1) refers to printf1.o(i._printf_core) for _printf_core
    printf1.o(i.__0vsnprintf$1) refers to printf1.o(i._snputc) for _snputc
    printf1.o(i.__0vsprintf$1) refers to printf1.o(i._printf_core) for _printf_core
    printf1.o(i.__0vsprintf$1) refers to printf1.o(i._sputc) for _sputc
    printf1.o(i._printf_core) refers to uidiv.o(.text) for __aeabi_uidivmod
    printf2.o(i.__0fprintf$2) refers to printf2.o(i._printf_core) for _printf_core
    printf2.o(i.__0fprintf$2) refers to debug.o(.text) for fputc
    printf2.o(i.__0printf$2) refers to printf2.o(i._printf_core) for _printf_core
    printf2.o(i.__0printf$2) refers to debug.o(.text) for fputc
    printf2.o(i.__0printf$2) refers to debug.o(.data) for __stdout
    printf2.o(i.__0snprintf$2) refers to printf2.o(i._printf_core) for _printf_core
    printf2.o(i.__0snprintf$2) refers to printf2.o(i._snputc) for _snputc
    printf2.o(i.__0sprintf$2) refers to printf2.o(i._printf_core) for _printf_core
    printf2.o(i.__0sprintf$2) refers to printf2.o(i._sputc) for _sputc
    printf2.o(i.__0vfprintf$2) refers to printf2.o(i._printf_core) for _printf_core
    printf2.o(i.__0vfprintf$2) refers to debug.o(.text) for fputc
    printf2.o(i.__0vprintf$2) refers to printf2.o(i._printf_core) for _printf_core
    printf2.o(i.__0vprintf$2) refers to debug.o(.text) for fputc
    printf2.o(i.__0vprintf$2) refers to debug.o(.data) for __stdout
    printf2.o(i.__0vsnprintf$2) refers to printf2.o(i._printf_core) for _printf_core
    printf2.o(i.__0vsnprintf$2) refers to printf2.o(i._snputc) for _snputc
    printf2.o(i.__0vsprintf$2) refers to printf2.o(i._printf_core) for _printf_core
    printf2.o(i.__0vsprintf$2) refers to printf2.o(i._sputc) for _sputc
    printf3.o(i.__0fprintf$3) refers to printf3.o(i._printf_core) for _printf_core
    printf3.o(i.__0fprintf$3) refers to debug.o(.text) for fputc
    printf3.o(i.__0printf$3) refers to printf3.o(i._printf_core) for _printf_core
    printf3.o(i.__0printf$3) refers to debug.o(.text) for fputc
    printf3.o(i.__0printf$3) refers to debug.o(.data) for __stdout
    printf3.o(i.__0snprintf$3) refers to printf3.o(i._printf_core) for _printf_core
    printf3.o(i.__0snprintf$3) refers to printf3.o(i._snputc) for _snputc
    printf3.o(i.__0sprintf$3) refers to printf3.o(i._printf_core) for _printf_core
    printf3.o(i.__0sprintf$3) refers to printf3.o(i._sputc) for _sputc
    printf3.o(i.__0vfprintf$3) refers to printf3.o(i._printf_core) for _printf_core
    printf3.o(i.__0vfprintf$3) refers to debug.o(.text) for fputc
    printf3.o(i.__0vprintf$3) refers to printf3.o(i._printf_core) for _printf_core
    printf3.o(i.__0vprintf$3) refers to debug.o(.text) for fputc
    printf3.o(i.__0vprintf$3) refers to debug.o(.data) for __stdout
    printf3.o(i.__0vsnprintf$3) refers to printf3.o(i._printf_core) for _printf_core
    printf3.o(i.__0vsnprintf$3) refers to printf3.o(i._snputc) for _snputc
    printf3.o(i.__0vsprintf$3) refers to printf3.o(i._printf_core) for _printf_core
    printf3.o(i.__0vsprintf$3) refers to printf3.o(i._sputc) for _sputc
    printf3.o(i._printf_core) refers to uidiv.o(.text) for __aeabi_uidivmod
    printf4.o(i.__0fprintf$4) refers to printf4.o(i._printf_core) for _printf_core
    printf4.o(i.__0fprintf$4) refers to debug.o(.text) for fputc
    printf4.o(i.__0printf$4) refers to printf4.o(i._printf_core) for _printf_core
    printf4.o(i.__0printf$4) refers to debug.o(.text) for fputc
    printf4.o(i.__0printf$4) refers to debug.o(.data) for __stdout
    printf4.o(i.__0snprintf$4) refers to printf4.o(i._printf_core) for _printf_core
    printf4.o(i.__0snprintf$4) refers to printf4.o(i._snputc) for _snputc
    printf4.o(i.__0sprintf$4) refers to printf4.o(i._printf_core) for _printf_core
    printf4.o(i.__0sprintf$4) refers to printf4.o(i._sputc) for _sputc
    printf4.o(i.__0vfprintf$4) refers to printf4.o(i._printf_core) for _printf_core
    printf4.o(i.__0vfprintf$4) refers to debug.o(.text) for fputc
    printf4.o(i.__0vprintf$4) refers to printf4.o(i._printf_core) for _printf_core
    printf4.o(i.__0vprintf$4) refers to debug.o(.text) for fputc
    printf4.o(i.__0vprintf$4) refers to debug.o(.data) for __stdout
    printf4.o(i.__0vsnprintf$4) refers to printf4.o(i._printf_core) for _printf_core
    printf4.o(i.__0vsnprintf$4) refers to printf4.o(i._snputc) for _snputc
    printf4.o(i.__0vsprintf$4) refers to printf4.o(i._printf_core) for _printf_core
    printf4.o(i.__0vsprintf$4) refers to printf4.o(i._sputc) for _sputc
    printf4.o(i._printf_core) refers to uldiv.o(.text) for __aeabi_uldivmod
    printf5.o(i.__0fprintf$5) refers to printf5.o(i._printf_core) for _printf_core
    printf5.o(i.__0fprintf$5) refers to debug.o(.text) for fputc
    printf5.o(i.__0printf$5) refers to printf5.o(i._printf_core) for _printf_core
    printf5.o(i.__0printf$5) refers to debug.o(.text) for fputc
    printf5.o(i.__0printf$5) refers to debug.o(.data) for __stdout
    printf5.o(i.__0snprintf$5) refers to printf5.o(i._printf_core) for _printf_core
    printf5.o(i.__0snprintf$5) refers to printf5.o(i._snputc) for _snputc
    printf5.o(i.__0sprintf$5) refers to printf5.o(i._printf_core) for _printf_core
    printf5.o(i.__0sprintf$5) refers to printf5.o(i._sputc) for _sputc
    printf5.o(i.__0vfprintf$5) refers to printf5.o(i._printf_core) for _printf_core
    printf5.o(i.__0vfprintf$5) refers to debug.o(.text) for fputc
    printf5.o(i.__0vprintf$5) refers to printf5.o(i._printf_core) for _printf_core
    printf5.o(i.__0vprintf$5) refers to debug.o(.text) for fputc
    printf5.o(i.__0vprintf$5) refers to debug.o(.data) for __stdout
    printf5.o(i.__0vsnprintf$5) refers to printf5.o(i._printf_core) for _printf_core
    printf5.o(i.__0vsnprintf$5) refers to printf5.o(i._snputc) for _snputc
    printf5.o(i.__0vsprintf$5) refers to printf5.o(i._printf_core) for _printf_core
    printf5.o(i.__0vsprintf$5) refers to printf5.o(i._sputc) for _sputc
    printf5.o(i._printf_core) refers to uldiv.o(.text) for __aeabi_uldivmod
    printf6.o(i.__0fprintf$6) refers to printf6.o(i._printf_core) for _printf_core
    printf6.o(i.__0fprintf$6) refers to debug.o(.text) for fputc
    printf6.o(i.__0printf$6) refers to printf6.o(i._printf_core) for _printf_core
    printf6.o(i.__0printf$6) refers to debug.o(.text) for fputc
    printf6.o(i.__0printf$6) refers to debug.o(.data) for __stdout
    printf6.o(i.__0snprintf$6) refers to printf6.o(i._printf_core) for _printf_core
    printf6.o(i.__0snprintf$6) refers to printf6.o(i._snputc) for _snputc
    printf6.o(i.__0sprintf$6) refers to printf6.o(i._printf_core) for _printf_core
    printf6.o(i.__0sprintf$6) refers to printf6.o(i._sputc) for _sputc
    printf6.o(i.__0vfprintf$6) refers to printf6.o(i._printf_core) for _printf_core
    printf6.o(i.__0vfprintf$6) refers to debug.o(.text) for fputc
    printf6.o(i.__0vprintf$6) refers to printf6.o(i._printf_core) for _printf_core
    printf6.o(i.__0vprintf$6) refers to debug.o(.text) for fputc
    printf6.o(i.__0vprintf$6) refers to debug.o(.data) for __stdout
    printf6.o(i.__0vsnprintf$6) refers to printf6.o(i._printf_core) for _printf_core
    printf6.o(i.__0vsnprintf$6) refers to printf6.o(i._snputc) for _snputc
    printf6.o(i.__0vsprintf$6) refers to printf6.o(i._printf_core) for _printf_core
    printf6.o(i.__0vsprintf$6) refers to printf6.o(i._sputc) for _sputc
    printf6.o(i._printf_core) refers to printf6.o(i._printf_pre_padding) for _printf_pre_padding
    printf6.o(i._printf_core) refers to printf6.o(i._printf_post_padding) for _printf_post_padding
    printf6.o(i._printf_core) refers to uidiv.o(.text) for __aeabi_uidivmod
    printf7.o(i.__0fprintf$7) refers to printf7.o(i._printf_core) for _printf_core
    printf7.o(i.__0fprintf$7) refers to debug.o(.text) for fputc
    printf7.o(i.__0printf$7) refers to printf7.o(i._printf_core) for _printf_core
    printf7.o(i.__0printf$7) refers to debug.o(.text) for fputc
    printf7.o(i.__0printf$7) refers to debug.o(.data) for __stdout
    printf7.o(i.__0snprintf$7) refers to printf7.o(i._printf_core) for _printf_core
    printf7.o(i.__0snprintf$7) refers to printf7.o(i._snputc) for _snputc
    printf7.o(i.__0sprintf$7) refers to printf7.o(i._printf_core) for _printf_core
    printf7.o(i.__0sprintf$7) refers to printf7.o(i._sputc) for _sputc
    printf7.o(i.__0vfprintf$7) refers to printf7.o(i._printf_core) for _printf_core
    printf7.o(i.__0vfprintf$7) refers to debug.o(.text) for fputc
    printf7.o(i.__0vprintf$7) refers to printf7.o(i._printf_core) for _printf_core
    printf7.o(i.__0vprintf$7) refers to debug.o(.text) for fputc
    printf7.o(i.__0vprintf$7) refers to debug.o(.data) for __stdout
    printf7.o(i.__0vsnprintf$7) refers to printf7.o(i._printf_core) for _printf_core
    printf7.o(i.__0vsnprintf$7) refers to printf7.o(i._snputc) for _snputc
    printf7.o(i.__0vsprintf$7) refers to printf7.o(i._printf_core) for _printf_core
    printf7.o(i.__0vsprintf$7) refers to printf7.o(i._sputc) for _sputc
    printf7.o(i._printf_core) refers to printf7.o(i._printf_pre_padding) for _printf_pre_padding
    printf7.o(i._printf_core) refers to printf7.o(i._printf_post_padding) for _printf_post_padding
    printf7.o(i._printf_core) refers to uldiv.o(.text) for __aeabi_uldivmod
    printf8.o(i.__0fprintf$8) refers to printf8.o(i._printf_core) for _printf_core
    printf8.o(i.__0fprintf$8) refers to debug.o(.text) for fputc
    printf8.o(i.__0printf$8) refers to printf8.o(i._printf_core) for _printf_core
    printf8.o(i.__0printf$8) refers to debug.o(.text) for fputc
    printf8.o(i.__0printf$8) refers to debug.o(.data) for __stdout
    printf8.o(i.__0snprintf$8) refers to printf8.o(i._printf_core) for _printf_core
    printf8.o(i.__0snprintf$8) refers to printf8.o(i._snputc) for _snputc
    printf8.o(i.__0sprintf$8) refers to printf8.o(i._printf_core) for _printf_core
    printf8.o(i.__0sprintf$8) refers to printf8.o(i._sputc) for _sputc
    printf8.o(i.__0vfprintf$8) refers to printf8.o(i._printf_core) for _printf_core
    printf8.o(i.__0vfprintf$8) refers to debug.o(.text) for fputc
    printf8.o(i.__0vprintf$8) refers to printf8.o(i._printf_core) for _printf_core
    printf8.o(i.__0vprintf$8) refers to debug.o(.text) for fputc
    printf8.o(i.__0vprintf$8) refers to debug.o(.data) for __stdout
    printf8.o(i.__0vsnprintf$8) refers to printf8.o(i._printf_core) for _printf_core
    printf8.o(i.__0vsnprintf$8) refers to printf8.o(i._snputc) for _snputc
    printf8.o(i.__0vsprintf$8) refers to printf8.o(i._printf_core) for _printf_core
    printf8.o(i.__0vsprintf$8) refers to printf8.o(i._sputc) for _sputc
    printf8.o(i._printf_core) refers to printf8.o(i._printf_pre_padding) for _printf_pre_padding
    printf8.o(i._printf_core) refers to printf8.o(i._printf_post_padding) for _printf_post_padding
    printf8.o(i._printf_core) refers to uldiv.o(.text) for __aeabi_uldivmod
    printfa.o(i.__0fprintf) refers (Special) to iusefp.o(.text) for __I$use$fp
    printfa.o(i.__0fprintf) refers to printfa.o(i._printf_core) for _printf_core
    printfa.o(i.__0fprintf) refers to debug.o(.text) for fputc
    printfa.o(i.__0printf) refers (Special) to iusefp.o(.text) for __I$use$fp
    printfa.o(i.__0printf) refers to printfa.o(i._printf_core) for _printf_core
    printfa.o(i.__0printf) refers to debug.o(.text) for fputc
    printfa.o(i.__0printf) refers to debug.o(.data) for __stdout
    printfa.o(i.__0snprintf) refers (Special) to iusefp.o(.text) for __I$use$fp
    printfa.o(i.__0snprintf) refers to printfa.o(i._printf_core) for _printf_core
    printfa.o(i.__0snprintf) refers to printfa.o(i._snputc) for _snputc
    printfa.o(i.__0sprintf) refers (Special) to iusefp.o(.text) for __I$use$fp
    printfa.o(i.__0sprintf) refers to printfa.o(i._printf_core) for _printf_core
    printfa.o(i.__0sprintf) refers to printfa.o(i._sputc) for _sputc
    printfa.o(i.__0vfprintf) refers (Special) to iusefp.o(.text) for __I$use$fp
    printfa.o(i.__0vfprintf) refers to printfa.o(i._printf_core) for _printf_core
    printfa.o(i.__0vfprintf) refers to debug.o(.text) for fputc
    printfa.o(i.__0vprintf) refers (Special) to iusefp.o(.text) for __I$use$fp
    printfa.o(i.__0vprintf) refers to printfa.o(i._printf_core) for _printf_core
    printfa.o(i.__0vprintf) refers to debug.o(.text) for fputc
    printfa.o(i.__0vprintf) refers to debug.o(.data) for __stdout
    printfa.o(i.__0vsnprintf) refers (Special) to iusefp.o(.text) for __I$use$fp
    printfa.o(i.__0vsnprintf) refers to printfa.o(i._printf_core) for _printf_core
    printfa.o(i.__0vsnprintf) refers to printfa.o(i._snputc) for _snputc
    printfa.o(i.__0vsprintf) refers (Special) to iusefp.o(.text) for __I$use$fp
    printfa.o(i.__0vsprintf) refers to printfa.o(i._printf_core) for _printf_core
    printfa.o(i.__0vsprintf) refers to printfa.o(i._sputc) for _sputc
    printfa.o(i._fp_digits) refers (Special) to iusefp.o(.text) for __I$use$fp
    printfa.o(i._fp_digits) refers to dmul.o(.text) for __aeabi_dmul
    printfa.o(i._fp_digits) refers to ddiv.o(.text) for __aeabi_ddiv
    printfa.o(i._fp_digits) refers to cdrcmple.o(.text) for __aeabi_cdrcmple
    printfa.o(i._fp_digits) refers to dadd.o(.text) for __aeabi_dadd
    printfa.o(i._fp_digits) refers to dfixul.o(.text) for __aeabi_d2ulz
    printfa.o(i._fp_digits) refers to uldiv.o(.text) for __aeabi_uldivmod
    printfa.o(i._printf_core) refers (Special) to iusefp.o(.text) for __I$use$fp
    printfa.o(i._printf_core) refers to printfa.o(i._printf_pre_padding) for _printf_pre_padding
    printfa.o(i._printf_core) refers to uldiv.o(.text) for __aeabi_uldivmod
    printfa.o(i._printf_core) refers to printfa.o(i._printf_post_padding) for _printf_post_padding
    printfa.o(i._printf_core) refers to printfa.o(i._fp_digits) for _fp_digits
    printfa.o(i._printf_core) refers to uidiv.o(.text) for __aeabi_uidivmod
    printfa.o(i._printf_post_padding) refers (Special) to iusefp.o(.text) for __I$use$fp
    printfa.o(i._printf_pre_padding) refers (Special) to iusefp.o(.text) for __I$use$fp
    printfa.o(i._snputc) refers (Special) to iusefp.o(.text) for __I$use$fp
    printfa.o(i._sputc) refers (Special) to iusefp.o(.text) for __I$use$fp
    fadd.o(.text) refers (Special) to iusefp.o(.text) for __I$use$fp
    fadd.o(.text) refers to fepilogue.o(.text) for _float_epilogue
    fmul.o(.text) refers (Special) to iusefp.o(.text) for __I$use$fp
    fdiv.o(.text) refers (Special) to iusefp.o(.text) for __I$use$fp
    fdiv.o(.text) refers to fepilogue.o(.text) for _float_round
    dmul.o(.text) refers (Special) to iusefp.o(.text) for __I$use$fp
    dmul.o(.text) refers to depilogue.o(.text) for _double_epilogue
    ffltui.o(.text) refers (Special) to iusefp.o(.text) for __I$use$fp
    ffltui.o(.text) refers to fepilogue.o(.text) for _float_epilogue
    dfltui.o(.text) refers (Special) to iusefp.o(.text) for __I$use$fp
    dfltui.o(.text) refers to depilogue.o(.text) for _double_epilogue
    ffixui.o(.text) refers (Special) to iusefp.o(.text) for __I$use$fp
    d2f.o(.text) refers (Special) to iusefp.o(.text) for __I$use$fp
    d2f.o(.text) refers to fepilogue.o(.text) for _float_round
    entry2.o(.ARM.Collect$$$$00000001) refers to entry2.o(.ARM.Collect$$$$00002712) for __lit__00000000
    entry2.o(.ARM.Collect$$$$00002712) refers to startup_skeaz1284.o(STACK) for __initial_sp
    entry2.o(__vectab_stack_and_reset_area) refers to startup_skeaz1284.o(STACK) for __initial_sp
    entry2.o(__vectab_stack_and_reset_area) refers to entry.o(.ARM.Collect$$$$00000000) for __main
    entry5.o(.ARM.Collect$$$$00000004) refers to init.o(.text) for __scatterload
    entry9a.o(.ARM.Collect$$$$0000000B) refers to main.o(.text) for main
    entry9b.o(.ARM.Collect$$$$0000000C) refers to main.o(.text) for main
    uldiv.o(.text) refers to llushr.o(.text) for __aeabi_llsr
    uldiv.o(.text) refers to llshl.o(.text) for __aeabi_llsl
    depilogue.o(.text) refers to depilogue.o(i.__ARM_clz) for __ARM_clz
    depilogue.o(.text) refers to llshl.o(.text) for __aeabi_llsl
    depilogue.o(.text) refers to llushr.o(.text) for __aeabi_llsr
    dadd.o(.text) refers to llshl.o(.text) for __aeabi_llsl
    dadd.o(.text) refers to llsshr.o(.text) for __aeabi_lasr
    dadd.o(.text) refers to depilogue.o(.text) for _double_epilogue
    ddiv.o(.text) refers to depilogue.o(.text) for _double_round
    dfixul.o(.text) refers to llushr.o(.text) for __aeabi_llsr
    dfixul.o(.text) refers to llshl.o(.text) for __aeabi_llsl
    init.o(.text) refers to entry5.o(.ARM.Collect$$$$00000004) for __main_after_scatterload


==============================================================================

Removing Unused input sections from the image.

    Removing drivers.o(.rev16_text), (4 bytes).
    Removing drivers.o(.revsh_text), (4 bytes).
    Removing drivers.o(.constdata), (696 bytes).
    Removing gpio.o(.rev16_text), (4 bytes).
    Removing gpio.o(.revsh_text), (4 bytes).
    Removing ics.o(.rev16_text), (4 bytes).
    Removing ics.o(.revsh_text), (4 bytes).
    Removing mscan.o(.rev16_text), (4 bytes).
    Removing mscan.o(.revsh_text), (4 bytes).
    Removing pit.o(.rev16_text), (4 bytes).
    Removing pit.o(.revsh_text), (4 bytes).
    Removing uart.o(.rev16_text), (4 bytes).
    Removing uart.o(.revsh_text), (4 bytes).
    Removing wdog.o(.rev16_text), (4 bytes).
    Removing wdog.o(.revsh_text), (4 bytes).
    Removing mcp2515.o(.rev16_text), (4 bytes).
    Removing mcp2515.o(.revsh_text), (4 bytes).
    Removing spi.o(.rev16_text), (4 bytes).
    Removing spi.o(.revsh_text), (4 bytes).
    Removing adc.o(.rev16_text), (4 bytes).
    Removing adc.o(.revsh_text), (4 bytes).
    Removing candata_service.o(.rev16_text), (4 bytes).
    Removing candata_service.o(.revsh_text), (4 bytes).
    Removing candata_service.o(.text), (358 bytes).
    Removing candata_service.o(.bss), (12 bytes).
    Removing candata_service.o(.data), (492 bytes).
    Removing data_pack.o(.rev16_text), (4 bytes).
    Removing data_pack.o(.revsh_text), (4 bytes).
    Removing data_pack.o(.text), (148 bytes).
    Removing debug.o(.rev16_text), (4 bytes).
    Removing debug.o(.revsh_text), (4 bytes).
    Removing main.o(.rev16_text), (4 bytes).
    Removing main.o(.revsh_text), (4 bytes).
    Removing main.o(.constdata), (696 bytes).
    Removing main.o(.data), (2 bytes).
    Removing timer.o(.rev16_text), (4 bytes).
    Removing timer.o(.revsh_text), (4 bytes).
    Removing uart_can.o(.rev16_text), (4 bytes).
    Removing uart_can.o(.revsh_text), (4 bytes).
    Removing uartdata_service.o(.rev16_text), (4 bytes).
    Removing uartdata_service.o(.revsh_text), (4 bytes).
    Removing can_out.o(.rev16_text), (4 bytes).
    Removing can_out.o(.revsh_text), (4 bytes).
    Removing can_out.o(.text), (556 bytes).
    Removing insulation_res.o(.rev16_text), (4 bytes).
    Removing insulation_res.o(.revsh_text), (4 bytes).
    Removing insulation_res.o(.text), (544 bytes).
    Removing public.o(.rev16_text), (4 bytes).
    Removing public.o(.revsh_text), (4 bytes).
    Removing cc1120.o(.rev16_text), (4 bytes).
    Removing cc1120.o(.revsh_text), (4 bytes).
    Removing rf_arbitration.o(.rev16_text), (4 bytes).
    Removing rf_arbitration.o(.revsh_text), (4 bytes).
    Removing rf_arbitration.o(.constdata), (696 bytes).
    Removing rf_service.o(.rev16_text), (4 bytes).
    Removing rf_service.o(.revsh_text), (4 bytes).
    Removing rf_service.o(.constdata), (696 bytes).
    Removing startup_skeaz1284.o(HEAP), (0 bytes).
    Removing system_skeaz1284.o(.rev16_text), (4 bytes).
    Removing system_skeaz1284.o(.revsh_text), (4 bytes).
    Removing fadd.o(.text), (178 bytes).
    Removing fmul.o(.text), (122 bytes).
    Removing fdiv.o(.text), (124 bytes).
    Removing dmul.o(.text), (208 bytes).
    Removing ffltui.o(.text), (14 bytes).
    Removing dfltui.o(.text), (28 bytes).
    Removing ffixui.o(.text), (40 bytes).
    Removing d2f.o(.text), (56 bytes).
    Removing fepilogue.o(.text), (130 bytes).
    Removing depilogue.o(.text), (190 bytes).
    Removing dadd.o(.text), (356 bytes).
    Removing ddiv.o(.text), (240 bytes).
    Removing dfixul.o(.text), (64 bytes).
    Removing cdrcmple.o(.text), (40 bytes).
    Removing depilogue.o(i.__ARM_clz), (46 bytes).

75 unused section(s) (total 6924 bytes) removed from the image.

==============================================================================

Image Symbol Table

    Local Symbols

    Symbol Name                              Value     Ov Type        Size  Object(Section)

    RESET                                    0x00000000   Section      192  startup_skeaz1284.o(RESET)
    ../clib/../cmprslib/zerorunl2.c          0x00000000   Number         0  __dczerorl2.o ABSOLUTE
    ../clib/microlib/division.c              0x00000000   Number         0  uldiv.o ABSOLUTE
    ../clib/microlib/division.c              0x00000000   Number         0  uidiv.o ABSOLUTE
    ../clib/microlib/init/entry.s            0x00000000   Number         0  entry8a.o ABSOLUTE
    ../clib/microlib/init/entry.s            0x00000000   Number         0  entry7a.o ABSOLUTE
    ../clib/microlib/init/entry.s            0x00000000   Number         0  entry5.o ABSOLUTE
    ../clib/microlib/init/entry.s            0x00000000   Number         0  entry2.o ABSOLUTE
    ../clib/microlib/init/entry.s            0x00000000   Number         0  entry9a.o ABSOLUTE
    ../clib/microlib/init/entry.s            0x00000000   Number         0  entry11b.o ABSOLUTE
    ../clib/microlib/init/entry.s            0x00000000   Number         0  entry9b.o ABSOLUTE
    ../clib/microlib/init/entry.s            0x00000000   Number         0  entry7b.o ABSOLUTE
    ../clib/microlib/init/entry.s            0x00000000   Number         0  entry10a.o ABSOLUTE
    ../clib/microlib/init/entry.s            0x00000000   Number         0  entry10b.o ABSOLUTE
    ../clib/microlib/init/entry.s            0x00000000   Number         0  entry.o ABSOLUTE
    ../clib/microlib/init/entry.s            0x00000000   Number         0  entry11a.o ABSOLUTE
    ../clib/microlib/init/entry.s            0x00000000   Number         0  entry8b.o ABSOLUTE
    ../clib/microlib/longlong.c              0x00000000   Number         0  llshl.o ABSOLUTE
    ../clib/microlib/longlong.c              0x00000000   Number         0  llushr.o ABSOLUTE
    ../clib/microlib/longlong.c              0x00000000   Number         0  llsshr.o ABSOLUTE
    ../clib/microlib/printf/printf.c         0x00000000   Number         0  printf8.o ABSOLUTE
    ../clib/microlib/printf/printf.c         0x00000000   Number         0  printf7.o ABSOLUTE
    ../clib/microlib/printf/printf.c         0x00000000   Number         0  printf6.o ABSOLUTE
    ../clib/microlib/printf/printf.c         0x00000000   Number         0  printf5.o ABSOLUTE
    ../clib/microlib/printf/printf.c         0x00000000   Number         0  printf4.o ABSOLUTE
    ../clib/microlib/printf/printf.c         0x00000000   Number         0  printf3.o ABSOLUTE
    ../clib/microlib/printf/printf.c         0x00000000   Number         0  printf2.o ABSOLUTE
    ../clib/microlib/printf/printf.c         0x00000000   Number         0  printf1.o ABSOLUTE
    ../clib/microlib/printf/printf.c         0x00000000   Number         0  printf0.o ABSOLUTE
    ../clib/microlib/printf/printf.c         0x00000000   Number         0  printfb.o ABSOLUTE
    ../clib/microlib/printf/printf.c         0x00000000   Number         0  printfa.o ABSOLUTE
    ../clib/microlib/printf/stubs.s          0x00000000   Number         0  stubs.o ABSOLUTE
    ../clib/microlib/string/memcmp.c         0x00000000   Number         0  memcmp.o ABSOLUTE
    ../clib/microlib/string/memcpy.c         0x00000000   Number         0  memcpya.o ABSOLUTE
    ../clib/microlib/string/memcpy.c         0x00000000   Number         0  memcpyb.o ABSOLUTE
    ../clib/microlib/stubs.s                 0x00000000   Number         0  iusefp.o ABSOLUTE
    ../clib/microlib/stubs.s                 0x00000000   Number         0  useno.o ABSOLUTE
    ../clib/microlib/unhosted.c              0x00000000   Number         0  uread4.o ABSOLUTE
    ../fplib/microlib/d2f.c                  0x00000000   Number         0  d2f.o ABSOLUTE
    ../fplib/microlib/fpadd.c                0x00000000   Number         0  fadd.o ABSOLUTE
    ../fplib/microlib/fpadd.c                0x00000000   Number         0  dadd.o ABSOLUTE
    ../fplib/microlib/fpdiv.c                0x00000000   Number         0  fdiv.o ABSOLUTE
    ../fplib/microlib/fpdiv.c                0x00000000   Number         0  ddiv.o ABSOLUTE
    ../fplib/microlib/fpepilogue.c           0x00000000   Number         0  depilogue.o ABSOLUTE
    ../fplib/microlib/fpepilogue.c           0x00000000   Number         0  fepilogue.o ABSOLUTE
    ../fplib/microlib/fpfix.c                0x00000000   Number         0  dfixul.o ABSOLUTE
    ../fplib/microlib/fpfix.c                0x00000000   Number         0  ffixui.o ABSOLUTE
    ../fplib/microlib/fpflt.c                0x00000000   Number         0  ffltui.o ABSOLUTE
    ../fplib/microlib/fpflt.c                0x00000000   Number         0  dfltui.o ABSOLUTE
    ../fplib/microlib/fpmul.c                0x00000000   Number         0  fmul.o ABSOLUTE
    ../fplib/microlib/fpmul.c                0x00000000   Number         0  dmul.o ABSOLUTE
    RTE\Device\SKEAZ64xxx4\startup_SKEAZ1284.s 0x00000000   Number         0  startup_skeaz1284.o ABSOLUTE
    RTE\Device\SKEAZ64xxx4\system_SKEAZ1284.c 0x00000000   Number         0  system_skeaz1284.o ABSOLUTE
    RTE\\Device\\SKEAZ64xxx4\\system_SKEAZ1284.c 0x00000000   Number         0  system_skeaz1284.o ABSOLUTE
    cdrcmple.s                               0x00000000   Number         0  cdrcmple.o ABSOLUTE
    dc.s                                     0x00000000   Number         0  dc.o ABSOLUTE
    drivers\\adc.c                           0x00000000   Number         0  adc.o ABSOLUTE
    drivers\\drivers.c                       0x00000000   Number         0  drivers.o ABSOLUTE
    drivers\\gpio.c                          0x00000000   Number         0  gpio.o ABSOLUTE
    drivers\\ics.c                           0x00000000   Number         0  ics.o ABSOLUTE
    drivers\\mcp2515.c                       0x00000000   Number         0  mcp2515.o ABSOLUTE
    drivers\\mscan.c                         0x00000000   Number         0  mscan.o ABSOLUTE
    drivers\\pit.c                           0x00000000   Number         0  pit.o ABSOLUTE
    drivers\\spi.c                           0x00000000   Number         0  spi.o ABSOLUTE
    drivers\\uart.c                          0x00000000   Number         0  uart.o ABSOLUTE
    drivers\\wdog.c                          0x00000000   Number         0  wdog.o ABSOLUTE
    drivers\adc.c                            0x00000000   Number         0  adc.o ABSOLUTE
    drivers\drivers.c                        0x00000000   Number         0  drivers.o ABSOLUTE
    drivers\gpio.c                           0x00000000   Number         0  gpio.o ABSOLUTE
    drivers\ics.c                            0x00000000   Number         0  ics.o ABSOLUTE
    drivers\mcp2515.c                        0x00000000   Number         0  mcp2515.o ABSOLUTE
    drivers\mscan.c                          0x00000000   Number         0  mscan.o ABSOLUTE
    drivers\pit.c                            0x00000000   Number         0  pit.o ABSOLUTE
    drivers\spi.c                            0x00000000   Number         0  spi.o ABSOLUTE
    drivers\uart.c                           0x00000000   Number         0  uart.o ABSOLUTE
    drivers\wdog.c                           0x00000000   Number         0  wdog.o ABSOLUTE
    handlers.s                               0x00000000   Number         0  handlers.o ABSOLUTE
    init.s                                   0x00000000   Number         0  init.o ABSOLUTE
    src\\can_out.c                           0x00000000   Number         0  can_out.o ABSOLUTE
    src\\candata_service.c                   0x00000000   Number         0  candata_service.o ABSOLUTE
    src\\cc1120.c                            0x00000000   Number         0  cc1120.o ABSOLUTE
    src\\data_pack.c                         0x00000000   Number         0  data_pack.o ABSOLUTE
    src\\debug.c                             0x00000000   Number         0  debug.o ABSOLUTE
    src\\insulation_res.c                    0x00000000   Number         0  insulation_res.o ABSOLUTE
    src\\main.c                              0x00000000   Number         0  main.o ABSOLUTE
    src\\public.c                            0x00000000   Number         0  public.o ABSOLUTE
    src\\rf_arbitration.c                    0x00000000   Number         0  rf_arbitration.o ABSOLUTE
    src\\rf_service.c                        0x00000000   Number         0  rf_service.o ABSOLUTE
    src\\timer.c                             0x00000000   Number         0  timer.o ABSOLUTE
    src\\uart_can.c                          0x00000000   Number         0  uart_can.o ABSOLUTE
    src\\uartdata_service.c                  0x00000000   Number         0  uartdata_service.o ABSOLUTE
    src\can_out.c                            0x00000000   Number         0  can_out.o ABSOLUTE
    src\candata_service.c                    0x00000000   Number         0  candata_service.o ABSOLUTE
    src\cc1120.c                             0x00000000   Number         0  cc1120.o ABSOLUTE
    src\data_pack.c                          0x00000000   Number         0  data_pack.o ABSOLUTE
    src\debug.c                              0x00000000   Number         0  debug.o ABSOLUTE
    src\insulation_res.c                     0x00000000   Number         0  insulation_res.o ABSOLUTE
    src\main.c                               0x00000000   Number         0  main.o ABSOLUTE
    src\public.c                             0x00000000   Number         0  public.o ABSOLUTE
    src\rf_arbitration.c                     0x00000000   Number         0  rf_arbitration.o ABSOLUTE
    src\rf_service.c                         0x00000000   Number         0  rf_service.o ABSOLUTE
    src\timer.c                              0x00000000   Number         0  timer.o ABSOLUTE
    src\uart_can.c                           0x00000000   Number         0  uart_can.o ABSOLUTE
    src\uartdata_service.c                   0x00000000   Number         0  uartdata_service.o ABSOLUTE
    .ARM.Collect$$$$00000000                 0x000000c0   Section        0  entry.o(.ARM.Collect$$$$00000000)
    .ARM.Collect$$$$00000001                 0x000000c0   Section        4  entry2.o(.ARM.Collect$$$$00000001)
    .ARM.Collect$$$$00000004                 0x000000c4   Section        4  entry5.o(.ARM.Collect$$$$00000004)
    .ARM.Collect$$$$00000008                 0x000000c8   Section        0  entry7b.o(.ARM.Collect$$$$00000008)
    .ARM.Collect$$$$0000000A                 0x000000c8   Section        0  entry8b.o(.ARM.Collect$$$$0000000A)
    .ARM.Collect$$$$0000000B                 0x000000c8   Section        8  entry9a.o(.ARM.Collect$$$$0000000B)
    .ARM.Collect$$$$0000000D                 0x000000d0   Section        0  entry10a.o(.ARM.Collect$$$$0000000D)
    .ARM.Collect$$$$0000000F                 0x000000d0   Section        0  entry11a.o(.ARM.Collect$$$$0000000F)
    .ARM.Collect$$$$00002712                 0x000000d0   Section        4  entry2.o(.ARM.Collect$$$$00002712)
    __lit__00000000                          0x000000d0   Data           4  entry2.o(.ARM.Collect$$$$00002712)
    .text                                    0x000000d4   Section        0  gpio.o(.text)
    .text                                    0x0000021c   Section        0  wdog.o(.text)
    .text                                    0x000003c4   Section       40  startup_skeaz1284.o(.text)
    .text                                    0x000003ec   Section        0  uread4.o(.text)
    .ARM.__at_0x400                          0x00000400   Section       16  startup_skeaz1284.o(.ARM.__at_0x400)
    .text                                    0x00000410   Section        0  drivers.o(.text)
    NVIC_EnableIRQ                           0x00000d7f   Thumb Code    14  drivers.o(.text)
    .text                                    0x00000dcc   Section        0  ics.o(.text)
    OSC_Disable                              0x00001447   Thumb Code    14  ics.o(.text)
    .text                                    0x0000145c   Section        0  mscan.o(.text)
    NVIC_EnableIRQ                           0x000019b5   Thumb Code    14  mscan.o(.text)
    CAN_InitialModeReq                       0x000019c3   Thumb Code    10  mscan.o(.text)
    CAN_IsInitialMode                        0x000019cd   Thumb Code    10  mscan.o(.text)
    CAN_Enable                               0x000019d7   Thumb Code    10  mscan.o(.text)
    CAN_WakeUpIntEn                          0x000019e1   Thumb Code    10  mscan.o(.text)
    CAN_WakeUpEn                             0x000019eb   Thumb Code    10  mscan.o(.text)
    .text                                    0x00001a04   Section        0  pit.o(.text)
    NVIC_EnableIRQ                           0x00001b99   Thumb Code    14  pit.o(.text)
    NVIC_DisableIRQ                          0x00001ba7   Thumb Code    16  pit.o(.text)
    PIT_ChannelDisable                       0x00001bb7   Thumb Code    22  pit.o(.text)
    PIT_ChannelDisableInt                    0x00001bcd   Thumb Code    22  pit.o(.text)
    PIT_ChannelDisableChain                  0x00001be3   Thumb Code    22  pit.o(.text)
    PIT_ChannelClrFlags                      0x00001bf9   Thumb Code    22  pit.o(.text)
    .text                                    0x00001c24   Section        0  uart.o(.text)
    .text                                    0x00001ea8   Section        0  spi.o(.text)
    NVIC_EnableIRQ                           0x00002193   Thumb Code    14  spi.o(.text)
    SPI_ModfEnable                           0x000021a1   Thumb Code    10  spi.o(.text)
    .text                                    0x000021bc   Section        0  adc.o(.text)
    .text                                    0x00002410   Section        0  debug.o(.text)
    .text                                    0x00002940   Section        0  main.o(.text)
    .text                                    0x00002a48   Section        0  timer.o(.text)
    .text                                    0x00002b84   Section        0  cc1120.o(.text)
    trxReadWriteBurstSingle                  0x00002b85   Thumb Code   104  cc1120.o(.text)
    calibrateRCOsc                           0x00003055   Thumb Code    62  cc1120.o(.text)
    .text                                    0x000032a8   Section        0  rf_arbitration.o(.text)
    .text                                    0x00003304   Section        0  rf_service.o(.text)
    .text                                    0x000037c8   Section        0  system_skeaz1284.o(.text)
    .text                                    0x000038e0   Section        0  uidiv.o(.text)
    .text                                    0x0000390c   Section        0  memcpya.o(.text)
    .text                                    0x00003930   Section        0  memcmp.o(.text)
    .text                                    0x0000394a   Section        0  uldiv.o(.text)
    .text                                    0x000039ac   Section       36  init.o(.text)
    .text                                    0x000039d0   Section        0  llshl.o(.text)
    .text                                    0x000039f0   Section        0  llushr.o(.text)
    .text                                    0x00003a12   Section        0  __dczerorl2.o(.text)
    i.__0printf$8                            0x00003a68   Section        0  printf8.o(i.__0printf$8)
    i.__ARM_common_switch8                   0x00003a88   Section        0  rf_service.o(i.__ARM_common_switch8)
    i.__scatterload_copy                     0x00003aa4   Section       14  handlers.o(i.__scatterload_copy)
    i.__scatterload_null                     0x00003ab2   Section        2  handlers.o(i.__scatterload_null)
    i.__scatterload_zeroinit                 0x00003ab4   Section       14  handlers.o(i.__scatterload_zeroinit)
    i._printf_core                           0x00003ac4   Section        0  printf8.o(i._printf_core)
    _printf_core                             0x00003ac5   Thumb Code  1020  printf8.o(i._printf_core)
    i._printf_post_padding                   0x00003eec   Section        0  printf8.o(i._printf_post_padding)
    _printf_post_padding                     0x00003eed   Thumb Code    32  printf8.o(i._printf_post_padding)
    i._printf_pre_padding                    0x00003f0c   Section        0  printf8.o(i._printf_pre_padding)
    _printf_pre_padding                      0x00003f0d   Thumb Code    44  printf8.o(i._printf_pre_padding)
    .constdata                               0x00003f38   Section      696  cc1120.o(.constdata)
    preferredSettings                        0x00003f38   Data         696  cc1120.o(.constdata)
    .data                                    0x1ffff800   Section      510  drivers.o(.data)
    .data                                    0x1ffffa00   Section        8  mscan.o(.data)
    MSCAN_RxCallback                         0x1ffffa00   Data           4  mscan.o(.data)
    MSCAN_TxCallback                         0x1ffffa04   Data           4  mscan.o(.data)
    .data                                    0x1ffffa08   Section        8  pit.o(.data)
    .data                                    0x1ffffa10   Section        4  uart.o(.data)
    .data                                    0x1ffffa14   Section        8  spi.o(.data)
    .data                                    0x1ffffa1c   Section      529  debug.o(.data)
    DisplayAddr                              0x1ffffc2c   Data           1  debug.o(.data)
    .data                                    0x1ffffc30   Section        4  timer.o(.data)
    .data                                    0x1ffffc34   Section      184  public.o(.data)
    .data                                    0x1ffffcec   Section       16  cc1120.o(.data)
    RfSendTimeCount                          0x1ffffcec   Data           4  cc1120.o(.data)
    CC1120_WorkState                         0x1ffffcf0   Data           1  cc1120.o(.data)
    RF_SendState                             0x1ffffcf1   Data           1  cc1120.o(.data)
    CC1120_TxCount                           0x1ffffcf4   Data           4  cc1120.o(.data)
    CC1120_RxCount                           0x1ffffcf8   Data           4  cc1120.o(.data)
    .data                                    0x1ffffcfc   Section        8  rf_arbitration.o(.data)
    RF_WaitAckState                          0x1ffffcfc   Data           1  rf_arbitration.o(.data)
    RfWaitTimeCount                          0x1ffffd00   Data           4  rf_arbitration.o(.data)
    .data                                    0x1ffffd04   Section        1  rf_service.o(.data)
    CurAddr                                  0x1ffffd04   Data           1  rf_service.o(.data)
    .data                                    0x1ffffd08   Section        4  system_skeaz1284.o(.data)
    .bss                                     0x1ffffd0c   Section      160  timer.o(.bss)
    .bss                                     0x1ffffdac   Section     1125  public.o(.bss)
    .bss                                     0x20000211   Section      128  cc1120.o(.bss)
    .bss                                     0x20000291   Section      210  rf_arbitration.o(.bss)
    .bss                                     0x20000363   Section      125  rf_service.o(.bss)
    RfTXBuffer                               0x20000363   Data         125  rf_service.o(.bss)
    STACK                                    0x200003e0   Section      512  startup_skeaz1284.o(STACK)

    Global Symbols

    Symbol Name                              Value     Ov Type        Size  Object(Section)

    BuildAttributes$$THM_ISAv3M$S$PE$A:L22$X:L11$S22$IEEE1$IW$USESV6$~STKCKD$USESV7$~SHL$OTIME$ROPI$EBA8$MICROLIB$REQ8$PRES8$EABIv2 0x00000000   Number         0  anon$$obj.o ABSOLUTE
    __ARM_use_no_argv                        0x00000000   Number         0  main.o ABSOLUTE
    __Vectors                                0x00000000   Data           4  startup_skeaz1284.o(RESET)
    __use_no_errno                           0x00000000   Number         0  useno.o ABSOLUTE
    __use_no_exception_handling              0x00000000   Number         0  useno.o ABSOLUTE
    __use_no_fp                              0x00000000   Number         0  useno.o ABSOLUTE
    __use_no_heap                            0x00000000   Number         0  useno.o ABSOLUTE
    __use_no_heap_region                     0x00000000   Number         0  useno.o ABSOLUTE
    __use_no_semihosting                     0x00000000   Number         0  useno.o ABSOLUTE
    __use_no_semihosting_swi                 0x00000000   Number         0  useno.o ABSOLUTE
    __use_no_signal_handling                 0x00000000   Number         0  useno.o ABSOLUTE
    _printf_a                                0x00000000   Number         0  stubs.o ABSOLUTE
    _printf_c                                0x00000000   Number         0  stubs.o ABSOLUTE
    _printf_charcount                        0x00000000   Number         0  stubs.o ABSOLUTE
    _printf_d                                0x00000000   Number         0  stubs.o ABSOLUTE
    _printf_e                                0x00000000   Number         0  stubs.o ABSOLUTE
    _printf_f                                0x00000000   Number         0  stubs.o ABSOLUTE
    _printf_flags                            0x00000000   Number         0  stubs.o ABSOLUTE
    _printf_fp_dec                           0x00000000   Number         0  stubs.o ABSOLUTE
    _printf_fp_hex                           0x00000000   Number         0  stubs.o ABSOLUTE
    _printf_g                                0x00000000   Number         0  stubs.o ABSOLUTE
    _printf_i                                0x00000000   Number         0  stubs.o ABSOLUTE
    _printf_int_dec                          0x00000000   Number         0  stubs.o ABSOLUTE
    _printf_l                                0x00000000   Number         0  stubs.o ABSOLUTE
    _printf_lc                               0x00000000   Number         0  stubs.o ABSOLUTE
    _printf_ll                               0x00000000   Number         0  stubs.o ABSOLUTE
    _printf_lld                              0x00000000   Number         0  stubs.o ABSOLUTE
    _printf_lli                              0x00000000   Number         0  stubs.o ABSOLUTE
    _printf_llo                              0x00000000   Number         0  stubs.o ABSOLUTE
    _printf_llu                              0x00000000   Number         0  stubs.o ABSOLUTE
    _printf_llx                              0x00000000   Number         0  stubs.o ABSOLUTE
    _printf_longlong_dec                     0x00000000   Number         0  stubs.o ABSOLUTE
    _printf_longlong_hex                     0x00000000   Number         0  stubs.o ABSOLUTE
    _printf_longlong_oct                     0x00000000   Number         0  stubs.o ABSOLUTE
    _printf_ls                               0x00000000   Number         0  stubs.o ABSOLUTE
    _printf_mbtowc                           0x00000000   Number         0  stubs.o ABSOLUTE
    _printf_n                                0x00000000   Number         0  stubs.o ABSOLUTE
    _printf_o                                0x00000000   Number         0  stubs.o ABSOLUTE
    _printf_p                                0x00000000   Number         0  stubs.o ABSOLUTE
    _printf_percent                          0x00000000   Number         0  stubs.o ABSOLUTE
    _printf_pre_padding                      0x00000000   Number         0  stubs.o ABSOLUTE
    _printf_return_value                     0x00000000   Number         0  stubs.o ABSOLUTE
    _printf_s                                0x00000000   Number         0  stubs.o ABSOLUTE
    _printf_sizespec                         0x00000000   Number         0  stubs.o ABSOLUTE
    _printf_str                              0x00000000   Number         0  stubs.o ABSOLUTE
    _printf_truncate_signed                  0x00000000   Number         0  stubs.o ABSOLUTE
    _printf_truncate_unsigned                0x00000000   Number         0  stubs.o ABSOLUTE
    _printf_u                                0x00000000   Number         0  stubs.o ABSOLUTE
    _printf_wc                               0x00000000   Number         0  stubs.o ABSOLUTE
    _printf_wctomb                           0x00000000   Number         0  stubs.o ABSOLUTE
    _printf_widthprec                        0x00000000   Number         0  stubs.o ABSOLUTE
    _printf_x                                0x00000000   Number         0  stubs.o ABSOLUTE
    __cpp_initialize__aeabi_                  - Undefined Weak Reference
    __cxa_finalize                            - Undefined Weak Reference
    _clock_init                               - Undefined Weak Reference
    _microlib_exit                            - Undefined Weak Reference
    __Vectors_End                            0x000000c0   Data           0  startup_skeaz1284.o(RESET)
    __Vectors_Size                           0x000000c0   Number         0  startup_skeaz1284.o ABSOLUTE
    __main                                   0x000000c1   Thumb Code     0  entry.o(.ARM.Collect$$$$00000000)
    _main_stk                                0x000000c1   Thumb Code     0  entry2.o(.ARM.Collect$$$$00000001)
    _main_scatterload                        0x000000c5   Thumb Code     0  entry5.o(.ARM.Collect$$$$00000004)
    __main_after_scatterload                 0x000000c9   Thumb Code     0  entry5.o(.ARM.Collect$$$$00000004)
    _main_clock                              0x000000c9   Thumb Code     0  entry7b.o(.ARM.Collect$$$$00000008)
    _main_cpp_init                           0x000000c9   Thumb Code     0  entry8b.o(.ARM.Collect$$$$0000000A)
    _main_init                               0x000000c9   Thumb Code     0  entry9a.o(.ARM.Collect$$$$0000000B)
    __rt_final_cpp                           0x000000d1   Thumb Code     0  entry10a.o(.ARM.Collect$$$$0000000D)
    __rt_final_exit                          0x000000d1   Thumb Code     0  entry11a.o(.ARM.Collect$$$$0000000F)
    GPIO_Init                                0x000000d5   Thumb Code   318  gpio.o(.text)
    WDOG_Disable                             0x0000021d   Thumb Code    42  wdog.o(.text)
    WDOG_DisableWDOGEnableUpdate             0x00000247   Thumb Code    46  wdog.o(.text)
    WDOG_Enable                              0x00000275   Thumb Code    24  wdog.o(.text)
    WDOG_Init                                0x0000028d   Thumb Code   168  wdog.o(.text)
    WDOG_DeInit                              0x00000335   Thumb Code    28  wdog.o(.text)
    WDOG_Feed                                0x00000351   Thumb Code    16  wdog.o(.text)
    WDOG_EnableUpdate                        0x00000361   Thumb Code    38  wdog.o(.text)
    WDOG_DisableUpdate                       0x00000387   Thumb Code    42  wdog.o(.text)
    init_data_bss                            0x000003c5   Thumb Code     2  startup_skeaz1284.o(.text)
    Reset_Handler                            0x000003c7   Thumb Code    12  startup_skeaz1284.o(.text)
    NMI_Handler                              0x000003d3   Thumb Code     2  startup_skeaz1284.o(.text)
    HardFault_Handler                        0x000003d5   Thumb Code     2  startup_skeaz1284.o(.text)
    SVC_Handler                              0x000003d7   Thumb Code     2  startup_skeaz1284.o(.text)
    PendSV_Handler                           0x000003d9   Thumb Code     2  startup_skeaz1284.o(.text)
    SysTick_Handler                          0x000003db   Thumb Code     2  startup_skeaz1284.o(.text)
    ACMP0_IRQHandler                         0x000003dd   Thumb Code     0  startup_skeaz1284.o(.text)
    ACMP1_IRQHandler                         0x000003dd   Thumb Code     0  startup_skeaz1284.o(.text)
    DefaultISR                               0x000003dd   Thumb Code     0  startup_skeaz1284.o(.text)
    FTM0_IRQHandler                          0x000003dd   Thumb Code     0  startup_skeaz1284.o(.text)
    FTM1_IRQHandler                          0x000003dd   Thumb Code     0  startup_skeaz1284.o(.text)
    FTM2_IRQHandler                          0x000003dd   Thumb Code     0  startup_skeaz1284.o(.text)
    FTMRE_IRQHandler                         0x000003dd   Thumb Code     0  startup_skeaz1284.o(.text)
    I2C0_IRQHandler                          0x000003dd   Thumb Code     0  startup_skeaz1284.o(.text)
    I2C1_IRQHandler                          0x000003dd   Thumb Code     0  startup_skeaz1284.o(.text)
    ICS_IRQHandler                           0x000003dd   Thumb Code     0  startup_skeaz1284.o(.text)
    KBI0_IRQHandler                          0x000003dd   Thumb Code     0  startup_skeaz1284.o(.text)
    PIT_CH0_IRQHandler                       0x000003dd   Thumb Code     0  startup_skeaz1284.o(.text)
    PMC_IRQHandler                           0x000003dd   Thumb Code     0  startup_skeaz1284.o(.text)
    PWT_IRQHandler                           0x000003dd   Thumb Code     0  startup_skeaz1284.o(.text)
    RTC_IRQHandler                           0x000003dd   Thumb Code     0  startup_skeaz1284.o(.text)
    Reserved16_IRQHandler                    0x000003dd   Thumb Code     0  startup_skeaz1284.o(.text)
    Reserved17_IRQHandler                    0x000003dd   Thumb Code     0  startup_skeaz1284.o(.text)
    Reserved18_IRQHandler                    0x000003dd   Thumb Code     0  startup_skeaz1284.o(.text)
    Reserved19_IRQHandler                    0x000003dd   Thumb Code     0  startup_skeaz1284.o(.text)
    Reserved20_IRQHandler                    0x000003dd   Thumb Code     0  startup_skeaz1284.o(.text)
    Reserved42_IRQHandler                    0x000003dd   Thumb Code     0  startup_skeaz1284.o(.text)
    SPI0_IRQHandler                          0x000003dd   Thumb Code     0  startup_skeaz1284.o(.text)
    SPI1_IRQHandler                          0x000003dd   Thumb Code     0  startup_skeaz1284.o(.text)
    UART1_IRQHandler                         0x000003dd   Thumb Code     0  startup_skeaz1284.o(.text)
    UART2_IRQHandler                         0x000003dd   Thumb Code     0  startup_skeaz1284.o(.text)
    WDOG_IRQHandler                          0x000003dd   Thumb Code     0  startup_skeaz1284.o(.text)
    __aeabi_uread4                           0x000003ed   Thumb Code    20  uread4.o(.text)
    __rt_uread4                              0x000003ed   Thumb Code     0  uread4.o(.text)
    _uread4                                  0x000003ed   Thumb Code     0  uread4.o(.text)
    Ics_init                                 0x00000411   Thumb Code   102  drivers.o(.text)
    Uart_init                                0x00000477   Thumb Code    82  drivers.o(.text)
    Pit_init                                 0x000004c9   Thumb Code   134  drivers.o(.text)
    Spi_init                                 0x0000054f   Thumb Code   144  drivers.o(.text)
    Can_init                                 0x000005df   Thumb Code   416  drivers.o(.text)
    Kbi_init                                 0x0000077f   Thumb Code   234  drivers.o(.text)
    Irq_init                                 0x00000869   Thumb Code   128  drivers.o(.text)
    Adc_init                                 0x000008e9   Thumb Code   182  drivers.o(.text)
    Wdog_init                                0x0000099f   Thumb Code   114  drivers.o(.text)
    CPU_Sleep                                0x00000a11   Thumb Code    28  drivers.o(.text)
    delay_ms                                 0x00000a2d   Thumb Code    32  drivers.o(.text)
    User_Init                                0x00000a4d   Thumb Code    98  drivers.o(.text)
    WriteCanQueue                            0x00000aaf   Thumb Code   128  drivers.o(.text)
    ReadCanQueue                             0x00000b2f   Thumb Code   116  drivers.o(.text)
    CAN_SendFrame                            0x00000ba3   Thumb Code   116  drivers.o(.text)
    CAN_ReadFrame                            0x00000c17   Thumb Code   120  drivers.o(.text)
    PIT_CH1_IRQHandler                       0x00000c8f   Thumb Code    50  drivers.o(.text)
    IRQ_IRQHandler                           0x00000cc1   Thumb Code    22  drivers.o(.text)
    KBI1_IRQHandler                          0x00000cd7   Thumb Code    28  drivers.o(.text)
    UART0_IRQHandler                         0x00000cf3   Thumb Code    22  drivers.o(.text)
    MSCAN_RX_IRQHandler                      0x00000d09   Thumb Code    48  drivers.o(.text)
    MSCAN_TX_IRQHandler                      0x00000d39   Thumb Code    40  drivers.o(.text)
    ADC_IRQHandler                           0x00000d61   Thumb Code    30  drivers.o(.text)
    ICS_SetClkDivider                        0x00000dcd   Thumb Code   136  ics.o(.text)
    OSC_Init                                 0x00000e55   Thumb Code   102  ics.o(.text)
    FEI_to_FEE                               0x00000ebb   Thumb Code    84  ics.o(.text)
    FEI_to_FBI                               0x00000f0f   Thumb Code    70  ics.o(.text)
    FEI_to_FBE                               0x00000f55   Thumb Code   106  ics.o(.text)
    FEI_to_FBE_OSC                           0x00000fbf   Thumb Code   112  ics.o(.text)
    FEI_to_FEE_OSC                           0x0000102f   Thumb Code    84  ics.o(.text)
    FEE_to_FEI                               0x00001083   Thumb Code    74  ics.o(.text)
    FEE_to_FBI                               0x000010cd   Thumb Code   102  ics.o(.text)
    FEE_to_FBE                               0x00001133   Thumb Code    70  ics.o(.text)
    FBI_to_FBE                               0x00001179   Thumb Code   100  ics.o(.text)
    FBI_to_FEE                               0x000011dd   Thumb Code    90  ics.o(.text)
    FBI_to_FBILP                             0x00001237   Thumb Code    14  ics.o(.text)
    FBI_to_FEI                               0x00001245   Thumb Code    80  ics.o(.text)
    FBE_to_FBI                               0x00001295   Thumb Code    78  ics.o(.text)
    FBE_to_FEE                               0x000012e3   Thumb Code    54  ics.o(.text)
    FBE_to_FEI                               0x00001319   Thumb Code    86  ics.o(.text)
    FBE_to_FBELP                             0x0000136f   Thumb Code    14  ics.o(.text)
    FBELP_to_FBE                             0x0000137d   Thumb Code    14  ics.o(.text)
    FBILP_to_FBI                             0x0000138b   Thumb Code    14  ics.o(.text)
    ICS_Trim                                 0x00001399   Thumb Code    38  ics.o(.text)
    ICS_Init                                 0x000013bf   Thumb Code    98  ics.o(.text)
    ICS_DeInit                               0x00001421   Thumb Code    30  ics.o(.text)
    OSC_DeInit                               0x0000143f   Thumb Code     8  ics.o(.text)
    CAN_Init                                 0x0000145d   Thumb Code   836  mscan.o(.text)
    CAN_LaunchInitialRequest                 0x000017a1   Thumb Code    26  mscan.o(.text)
    CAN_DeInit                               0x000017bb   Thumb Code    44  mscan.o(.text)
    CAN_EnterSleep                           0x000017e7   Thumb Code    70  mscan.o(.text)
    CAN_WakeUpFromSleep                      0x0000182d   Thumb Code    44  mscan.o(.text)
    CAN_LoadOneFrameToBuff                   0x00001859   Thumb Code    68  mscan.o(.text)
    CAN_ReadOneFrameFromBuff                 0x0000189d   Thumb Code   232  mscan.o(.text)
    MSCAN_SetRxCallBack                      0x00001985   Thumb Code     6  mscan.o(.text)
    MSCAN_SetTxCallBack                      0x0000198b   Thumb Code     6  mscan.o(.text)
    MSCAN_RxIsr                              0x00001991   Thumb Code    18  mscan.o(.text)
    MSCAN_TxIsr                              0x000019a3   Thumb Code    18  mscan.o(.text)
    PIT_SetLoadVal                           0x00001a05   Thumb Code     8  pit.o(.text)
    PIT_Init                                 0x00001a0d   Thumb Code   216  pit.o(.text)
    PIT_SetCallback                          0x00001ae5   Thumb Code     8  pit.o(.text)
    PIT_DeInit                               0x00001aed   Thumb Code   124  pit.o(.text)
    PIT_Ch0Isr                               0x00001b69   Thumb Code    24  pit.o(.text)
    PIT_Ch1Isr                               0x00001b81   Thumb Code    24  pit.o(.text)
    UART_Init                                0x00001c25   Thumb Code   128  uart.o(.text)
    UART_GetChar                             0x00001ca5   Thumb Code    18  uart.o(.text)
    UART_PutChar                             0x00001cb7   Thumb Code    16  uart.o(.text)
    UART_SetBaudrate                         0x00001cc7   Thumb Code    58  uart.o(.text)
    UART_EnableInterrupt                     0x00001d01   Thumb Code   112  uart.o(.text)
    UART_DisableInterrupt                    0x00001d71   Thumb Code   112  uart.o(.text)
    UART_GetFlags                            0x00001de1   Thumb Code    16  uart.o(.text)
    UART_CheckFlag                           0x00001df1   Thumb Code    26  uart.o(.text)
    UART_SendWait                            0x00001e0b   Thumb Code    40  uart.o(.text)
    UART_ReceiveWait                         0x00001e33   Thumb Code    40  uart.o(.text)
    UART_WaitTxComplete                      0x00001e5b   Thumb Code    16  uart.o(.text)
    UART_SetCallback                         0x00001e6b   Thumb Code     6  uart.o(.text)
    UART0_Isr                                0x00001e71   Thumb Code    12  uart.o(.text)
    UART1_Isr                                0x00001e7d   Thumb Code    12  uart.o(.text)
    UART2_Isr                                0x00001e89   Thumb Code    12  uart.o(.text)
    SPI_SetBaudRate                          0x00001ea9   Thumb Code   106  spi.o(.text)
    SPI_Init                                 0x00001f13   Thumb Code   454  spi.o(.text)
    SPI_TransferWait                         0x000020d9   Thumb Code    70  spi.o(.text)
    SPI_DeInit                               0x0000211f   Thumb Code    24  spi.o(.text)
    SPI_SetCallback                          0x00002137   Thumb Code    16  spi.o(.text)
    Spi_RdWrByte                             0x00002147   Thumb Code    40  spi.o(.text)
    SPI0_Isr                                 0x0000216f   Thumb Code    18  spi.o(.text)
    SPI1_Isr                                 0x00002181   Thumb Code    18  spi.o(.text)
    ADC_SetFifoLevel                         0x000021bd   Thumb Code    16  adc.o(.text)
    ADC_SetMode                              0x000021cd   Thumb Code    22  adc.o(.text)
    ADC_SelectClockDivide                    0x000021e3   Thumb Code    22  adc.o(.text)
    ADC_SelectClock                          0x000021f9   Thumb Code    16  adc.o(.text)
    ADC_Init                                 0x00002209   Thumb Code   410  adc.o(.text)
    ADC_SetChannel                           0x000023a3   Thumb Code    16  adc.o(.text)
    ADC_DeInit                               0x000023b3   Thumb Code    28  adc.o(.text)
    ADC_PollRead                             0x000023cf   Thumb Code    36  adc.o(.text)
    ADC_VrefSelect                           0x000023f3   Thumb Code    16  adc.o(.text)
    fputc                                    0x00002411   Thumb Code   112  debug.o(.text)
    ferror                                   0x00002481   Thumb Code     8  debug.o(.text)
    _sys_exit                                0x00002489   Thumb Code     4  debug.o(.text)
    DebugSendCycle                           0x0000248d   Thumb Code   112  debug.o(.text)
    Debug_Process                            0x000024fd   Thumb Code     4  debug.o(.text)
    DisplaySlaveID                           0x00002501   Thumb Code   176  debug.o(.text)
    DisplaySlaveLogData                      0x000025b1   Thumb Code   320  debug.o(.text)
    DisplayCellVoltages                      0x000026f1   Thumb Code    60  debug.o(.text)
    DisplaySlaveMSG                          0x0000272d   Thumb Code    32  debug.o(.text)
    SlaveMSGDisplayService                   0x0000274d   Thumb Code   500  debug.o(.text)
    main                                     0x00002941   Thumb Code   256  main.o(.text)
    timer1_proc                              0x00002a49   Thumb Code   108  timer.o(.text)
    InitTimerEvent                           0x00002ab5   Thumb Code    60  timer.o(.text)
    SetTimer1                                0x00002af1   Thumb Code    84  timer.o(.text)
    StopTimer1                               0x00002b45   Thumb Code    28  timer.o(.text)
    GetTimer1                                0x00002b61   Thumb Code    32  timer.o(.text)
    trx8BitRegAccess                         0x00002bed   Thumb Code    90  cc1120.o(.text)
    trx16BitRegAccess                        0x00002c47   Thumb Code    96  cc1120.o(.text)
    trxSpiCmdStrobe                          0x00002ca7   Thumb Code    64  cc1120.o(.text)
    cc112xSpiReadReg                         0x00002ce7   Thumb Code    70  cc1120.o(.text)
    cc112xSpiWriteReg                        0x00002d2d   Thumb Code    70  cc1120.o(.text)
    cc112xSpiWriteTxFifo                     0x00002d73   Thumb Code    24  cc1120.o(.text)
    cc112xSpiReadRxFifo                      0x00002d8b   Thumb Code    24  cc1120.o(.text)
    cc112xGetTxStatus                        0x00002da3   Thumb Code    10  cc1120.o(.text)
    cc112xGetRxStatus                        0x00002dad   Thumb Code    10  cc1120.o(.text)
    CheackMarcStatusIDLE                     0x00002db7   Thumb Code    54  cc1120.o(.text)
    GetStatusByte                            0x00002ded   Thumb Code    14  cc1120.o(.text)
    ChangeWorkMode                           0x00002dfb   Thumb Code    72  cc1120.o(.text)
    CheackStatusByte                         0x00002e43   Thumb Code    52  cc1120.o(.text)
    manualCalibration                        0x00002e77   Thumb Code   354  cc1120.o(.text)
    CC1120_SetCarrierFreq                    0x00002fd9   Thumb Code    44  cc1120.o(.text)
    CC1120_SetPreamWord                      0x00003005   Thumb Code    22  cc1120.o(.text)
    CC1120_SetSyncWord                       0x0000301b   Thumb Code    44  cc1120.o(.text)
    CC1120_SetDevAddr                        0x00003047   Thumb Code    14  cc1120.o(.text)
    registerConfig                           0x00003093   Thumb Code    56  cc1120.o(.text)
    CC1120_init                              0x000030cb   Thumb Code    54  cc1120.o(.text)
    CC1120_SendPacket                        0x00003101   Thumb Code    46  cc1120.o(.text)
    CC1120_SendCheackPacket                  0x0000312f   Thumb Code    40  cc1120.o(.text)
    CC1120_SendWaitSuccess                   0x00003157   Thumb Code    56  cc1120.o(.text)
    CC1120_SendTimeoutProc                   0x0000318f   Thumb Code    34  cc1120.o(.text)
    CC1120_SendSuccessHandler                0x000031b1   Thumb Code    26  cc1120.o(.text)
    CC1120_RecivePacket                      0x000031cb   Thumb Code   114  cc1120.o(.text)
    CC1120_ISRHandler                        0x0000323d   Thumb Code    58  cc1120.o(.text)
    RfWaitAckProc                            0x000032a9   Thumb Code    34  rf_arbitration.o(.text)
    SetRfAckStateSuccess                     0x000032cb   Thumb Code     8  rf_arbitration.o(.text)
    RfSetWaitTime                            0x000032d3   Thumb Code    14  rf_arbitration.o(.text)
    RfSendAndWaitAck                         0x000032e1   Thumb Code    28  rf_arbitration.o(.text)
    PacketParse                              0x00003305   Thumb Code   380  rf_service.o(.text)
    SetUplinkParam                           0x00003481   Thumb Code    32  rf_service.o(.text)
    SetDownlinkParam                         0x000034a1   Thumb Code    96  rf_service.o(.text)
    CreatPacket                              0x00003501   Thumb Code   160  rf_service.o(.text)
    SendCommandToSlave                       0x000035a1   Thumb Code   114  rf_service.o(.text)
    CreatCmdToString                         0x00003613   Thumb Code    42  rf_service.o(.text)
    SetSlaveInfo                             0x0000363d   Thumb Code   104  rf_service.o(.text)
    GetSlaveLog                              0x000036a5   Thumb Code   140  rf_service.o(.text)
    SlavePollingService                      0x00003731   Thumb Code   142  rf_service.o(.text)
    SystemInit                               0x000037c9   Thumb Code    90  system_skeaz1284.o(.text)
    SystemCoreClockUpdate                    0x00003823   Thumb Code   160  system_skeaz1284.o(.text)
    __aeabi_uidiv                            0x000038e1   Thumb Code     0  uidiv.o(.text)
    __aeabi_uidivmod                         0x000038e1   Thumb Code    44  uidiv.o(.text)
    __aeabi_memcpy                           0x0000390d   Thumb Code    36  memcpya.o(.text)
    __aeabi_memcpy4                          0x0000390d   Thumb Code     0  memcpya.o(.text)
    __aeabi_memcpy8                          0x0000390d   Thumb Code     0  memcpya.o(.text)
    memcmp                                   0x00003931   Thumb Code    26  memcmp.o(.text)
    __aeabi_uldivmod                         0x0000394b   Thumb Code    96  uldiv.o(.text)
    __scatterload                            0x000039ad   Thumb Code    28  init.o(.text)
    __scatterload_rt2                        0x000039ad   Thumb Code     0  init.o(.text)
    __aeabi_llsl                             0x000039d1   Thumb Code    32  llshl.o(.text)
    _ll_shift_l                              0x000039d1   Thumb Code     0  llshl.o(.text)
    __aeabi_llsr                             0x000039f1   Thumb Code    34  llushr.o(.text)
    _ll_ushift_r                             0x000039f1   Thumb Code     0  llushr.o(.text)
    __decompress                             0x00003a13   Thumb Code     0  __dczerorl2.o(.text)
    __decompress1                            0x00003a13   Thumb Code    86  __dczerorl2.o(.text)
    __0printf$8                              0x00003a69   Thumb Code    24  printf8.o(i.__0printf$8)
    __1printf$8                              0x00003a69   Thumb Code     0  printf8.o(i.__0printf$8)
    __2printf                                0x00003a69   Thumb Code     0  printf8.o(i.__0printf$8)
    __ARM_common_switch8                     0x00003a89   Thumb Code    28  rf_service.o(i.__ARM_common_switch8)
    __scatterload_copy                       0x00003aa5   Thumb Code    14  handlers.o(i.__scatterload_copy)
    __scatterload_null                       0x00003ab3   Thumb Code     2  handlers.o(i.__scatterload_null)
    __scatterload_zeroinit                   0x00003ab5   Thumb Code    14  handlers.o(i.__scatterload_zeroinit)
    Region$$Table$$Base                      0x000041f0   Number         0  anon$$obj.o(Region$$Table)
    Region$$Table$$Limit                     0x00004210   Number         0  anon$$obj.o(Region$$Table)
    g_CanSendQueue                           0x1ffff800   Data         500  drivers.o(.data)
    g_AdcISRFlag                             0x1ffff9f4   Data           1  drivers.o(.data)
    g_AdVal                                  0x1ffff9f6   Data           8  drivers.o(.data)
    PIT_Callback                             0x1ffffa08   Data           8  pit.o(.data)
    UART_Callback                            0x1ffffa10   Data           4  uart.o(.data)
    SPI_Callback                             0x1ffffa14   Data           8  spi.o(.data)
    _printf_ring_frame                       0x1ffffa1c   Data         520  debug.o(.data)
    __stdout                                 0x1ffffc24   Data           4  debug.o(.data)
    __stdin                                  0x1ffffc28   Data           4  debug.o(.data)
    g_10ms_ticks                             0x1ffffc30   Data           4  timer.o(.data)
    g_FlashMSG                               0x1ffffc34   Data         184  public.o(.data)
    g_CC1120RxUpdate                         0x1ffffcf2   Data           1  cc1120.o(.data)
    SystemCoreClock                          0x1ffffd08   Data           4  system_skeaz1284.o(.data)
    Timer1Event                              0x1ffffd0c   Data         160  timer.o(.bss)
    g_SlaveMSG                               0x1ffffdac   Data        1125  public.o(.bss)
    CC1120_rxBuffer                          0x20000211   Data         128  cc1120.o(.bss)
    FreqHopInfo                              0x20000291   Data         210  rf_arbitration.o(.bss)
    __initial_sp                             0x200005e0   Data           0  startup_skeaz1284.o(STACK)



==============================================================================

Memory Map of the image

  Image Entry point : 0x000000c1

  Load Region LR_IROM1 (Base: 0x00000000, Size: 0x0000471c, Max: 0x00010000, ABSOLUTE, COMPRESSED[0x00004260])

    Execution Region ER_IROM1 (Base: 0x00000000, Size: 0x00004210, Max: 0x00010000, ABSOLUTE)

    Base Addr    Size         Type   Attr      Idx    E Section Name        Object

    0x00000000   0x000000c0   Data   RO          815    RESET               startup_skeaz1284.o
    0x000000c0   0x00000000   Code   RO          849  * .ARM.Collect$$$$00000000  mc_p.l(entry.o)
    0x000000c0   0x00000004   Code   RO         1139    .ARM.Collect$$$$00000001  mc_p.l(entry2.o)
    0x000000c4   0x00000004   Code   RO         1142    .ARM.Collect$$$$00000004  mc_p.l(entry5.o)
    0x000000c8   0x00000000   Code   RO         1144    .ARM.Collect$$$$00000008  mc_p.l(entry7b.o)
    0x000000c8   0x00000000   Code   RO         1146    .ARM.Collect$$$$0000000A  mc_p.l(entry8b.o)
    0x000000c8   0x00000008   Code   RO         1147    .ARM.Collect$$$$0000000B  mc_p.l(entry9a.o)
    0x000000d0   0x00000000   Code   RO         1149    .ARM.Collect$$$$0000000D  mc_p.l(entry10a.o)
    0x000000d0   0x00000000   Code   RO         1151    .ARM.Collect$$$$0000000F  mc_p.l(entry11a.o)
    0x000000d0   0x00000004   Code   RO         1140    .ARM.Collect$$$$00002712  mc_p.l(entry2.o)
    0x000000d4   0x00000148   Code   RO          144    .text               gpio.o
    0x0000021c   0x000001a8   Code   RO          276    .text               wdog.o
    0x000003c4   0x00000028   Code   RO          817    .text               startup_skeaz1284.o
    0x000003ec   0x00000014   Code   RO         1121    .text               mc_p.l(uread4.o)
    0x00000400   0x00000010   Code   RO          816    .ARM.__at_0x400     startup_skeaz1284.o
    0x00000410   0x000009bc   Code   RO            3    .text               drivers.o
    0x00000dcc   0x00000690   Code   RO          173    .text               ics.o
    0x0000145c   0x000005a8   Code   RO          196    .text               mscan.o
    0x00001a04   0x00000220   Code   RO          224    .text               pit.o
    0x00001c24   0x00000284   Code   RO          250    .text               uart.o
    0x00001ea8   0x00000314   Code   RO          332    .text               spi.o
    0x000021bc   0x00000254   Code   RO          358    .text               adc.o
    0x00002410   0x00000530   Code   RO          478    .text               debug.o
    0x00002940   0x00000108   Code   RO          542    .text               main.o
    0x00002a48   0x0000013c   Code   RO          608    .text               timer.o
    0x00002b84   0x00000724   Code   RO          732    .text               cc1120.o
    0x000032a8   0x0000005c   Code   RO          763    .text               rf_arbitration.o
    0x00003304   0x000004c4   Code   RO          788    .text               rf_service.o
    0x000037c8   0x00000118   Code   RO          825    .text               system_skeaz1284.o
    0x000038e0   0x0000002c   Code   RO          852    .text               mc_p.l(uidiv.o)
    0x0000390c   0x00000024   Code   RO          854    .text               mc_p.l(memcpya.o)
    0x00003930   0x0000001a   Code   RO          856    .text               mc_p.l(memcmp.o)
    0x0000394a   0x00000060   Code   RO         1153    .text               mc_p.l(uldiv.o)
    0x000039aa   0x00000002   PAD
    0x000039ac   0x00000024   Code   RO         1170    .text               mc_p.l(init.o)
    0x000039d0   0x00000020   Code   RO         1172    .text               mc_p.l(llshl.o)
    0x000039f0   0x00000022   Code   RO         1174    .text               mc_p.l(llushr.o)
    0x00003a12   0x00000056   Code   RO         1186    .text               mc_p.l(__dczerorl2.o)
    0x00003a68   0x00000020   Code   RO         1067    i.__0printf$8       mc_p.l(printf8.o)
    0x00003a88   0x0000001c   Code   RO          807    i.__ARM_common_switch8  rf_service.o
    0x00003aa4   0x0000000e   Code   RO         1180    i.__scatterload_copy  mc_p.l(handlers.o)
    0x00003ab2   0x00000002   Code   RO         1181    i.__scatterload_null  mc_p.l(handlers.o)
    0x00003ab4   0x0000000e   Code   RO         1182    i.__scatterload_zeroinit  mc_p.l(handlers.o)
    0x00003ac2   0x00000002   PAD
    0x00003ac4   0x00000428   Code   RO         1074    i._printf_core      mc_p.l(printf8.o)
    0x00003eec   0x00000020   Code   RO         1075    i._printf_post_padding  mc_p.l(printf8.o)
    0x00003f0c   0x0000002c   Code   RO         1076    i._printf_pre_padding  mc_p.l(printf8.o)
    0x00003f38   0x000002b8   Data   RO          734    .constdata          cc1120.o
    0x000041f0   0x00000020   Data   RO         1178    Region$$Table       anon$$obj.o


    Execution Region RW_IRAM1 (Base: 0x1ffff800, Size: 0x00000de0, Max: 0x00002000, ABSOLUTE, COMPRESSED[0x00000050])

    Base Addr    Size         Type   Attr      Idx    E Section Name        Object

    0x1ffff800   0x000001fe   Data   RW            5    .data               drivers.o
    0x1ffff9fe   0x00000002   PAD
    0x1ffffa00   0x00000008   Data   RW          197    .data               mscan.o
    0x1ffffa08   0x00000008   Data   RW          225    .data               pit.o
    0x1ffffa10   0x00000004   Data   RW          251    .data               uart.o
    0x1ffffa14   0x00000008   Data   RW          333    .data               spi.o
    0x1ffffa1c   0x00000211   Data   RW          479    .data               debug.o
    0x1ffffc2d   0x00000003   PAD
    0x1ffffc30   0x00000004   Data   RW          610    .data               timer.o
    0x1ffffc34   0x000000b8   Data   RW          712    .data               public.o
    0x1ffffcec   0x00000010   Data   RW          735    .data               cc1120.o
    0x1ffffcfc   0x00000008   Data   RW          766    .data               rf_arbitration.o
    0x1ffffd04   0x00000001   Data   RW          791    .data               rf_service.o
    0x1ffffd05   0x00000003   PAD
    0x1ffffd08   0x00000004   Data   RW          826    .data               system_skeaz1284.o
    0x1ffffd0c   0x000000a0   Zero   RW          609    .bss                timer.o
    0x1ffffdac   0x00000465   Zero   RW          711    .bss                public.o
    0x20000211   0x00000080   Zero   RW          733    .bss                cc1120.o
    0x20000291   0x000000d2   Zero   RW          764    .bss                rf_arbitration.o
    0x20000363   0x0000007d   Zero   RW          789    .bss                rf_service.o
    0x200003e0   0x00000200   Zero   RW          813    STACK               startup_skeaz1284.o


==============================================================================

Image component sizes


      Code (inc. data)   RO Data    RW Data    ZI Data      Debug   Object Name

       596         14          0          0          0       6960   adc.o
         0          0          0          0          0       2408   candata_service.o
      1828         68        696         16        128      15503   cc1120.o
      1328        298          0        529          0       5157   debug.o
      2492        140          0        510          0     168905   drivers.o
       328         10          0          0          0        436   gpio.o
      1680         24          0          0          0       6247   ics.o
       264          8          0          0          0       7978   main.o
      1448         28          0          8          0      21750   mscan.o
       544         22          0          8          0       3834   pit.o
         0          0          0        184       1125       2188   public.o
        92          8          0          8        210       1530   rf_arbitration.o
      1248         42          0          1        125       4229   rf_service.o
       788         18          0          8          0       6813   spi.o
        56         30        192          0        512        828   startup_skeaz1284.o
       280         30          0          4          0       1033   system_skeaz1284.o
       316          4          0          4        160       3227   timer.o
       644         20          0          4          0       6565   uart.o
       424         20          0          0          0       1953   wdog.o

    ----------------------------------------------------------------------
     14356        784        920       1292       2260     267544   Object Totals
         0          0         32          0          0          0   (incl. Generated)
         0          0          0          8          0          0   (incl. Padding)

    ----------------------------------------------------------------------

      Code (inc. data)   RO Data    RW Data    ZI Data      Debug   Library Member Name

        86          0          0          0          0          0   __dczerorl2.o
         0          0          0          0          0          0   entry.o
         0          0          0          0          0          0   entry10a.o
         0          0          0          0          0          0   entry11a.o
         8          4          0          0          0          0   entry2.o
         4          0          0          0          0          0   entry5.o
         0          0          0          0          0          0   entry7b.o
         0          0          0          0          0          0   entry8b.o
         8          4          0          0          0          0   entry9a.o
        30          0          0          0          0          0   handlers.o
        36          8          0          0          0         68   init.o
        32          0          0          0          0         68   llshl.o
        34          0          0          0          0         68   llushr.o
        26          0          0          0          0         72   memcmp.o
        36          0          0          0          0         60   memcpya.o
      1172         52          0          0          0        324   printf8.o
        44          0          0          0          0         72   uidiv.o
        96          0          0          0          0         84   uldiv.o
        20          0          0          0          0         60   uread4.o

    ----------------------------------------------------------------------
      1636         68          0          0          0        876   Library Totals
         4          0          0          0          0          0   (incl. Padding)

    ----------------------------------------------------------------------

      Code (inc. data)   RO Data    RW Data    ZI Data      Debug   Library Name

      1632         68          0          0          0        876   mc_p.l

    ----------------------------------------------------------------------
      1636         68          0          0          0        876   Library Totals

    ----------------------------------------------------------------------

==============================================================================


      Code (inc. data)   RO Data    RW Data    ZI Data      Debug   

     15992        852        920       1292       2260     266972   Grand Totals
     15992        852        920         80       2260     266972   ELF Image Totals (compressed)
     15992        852        920         80          0          0   ROM Totals

==============================================================================

    Total RO  Size (Code + RO Data)                16912 (  16.52kB)
    Total RW  Size (RW Data + ZI Data)              3552 (   3.47kB)
    Total ROM Size (Code + RO Data + RW Data)      16992 (  16.59kB)

==============================================================================

